// Jest Snapshot v1, https://goo.gl/fbAQLP

exports[`Triangle render method should match snapshot 1`] = `
"<svg width="300" height="200" xmlns="http://www.w3.org/2000/svg">
              <style>
                text {
                  font-family: Arial;
                  font-size: 40px;
                  fill: blue;
                }

                polygon {
                  fill: green;
                  stroke: black;
                  stroke-width: 2;
                }
              </style>

              <polygon points="150,18 244,182 56,182"/>
              <text x="50%" y="50%" text-anchor="middle" alignment-baseline="middle">ABC</text>
            </svg>"
`;